
# 31.5s user time, 60ms system time, 35.17M rss, 42.27M vsz
# Current date: Sat Dec  7 17:28:51 2024
# Hostname: isucon11q
# Files: /var/log/mysql/mariadb-slow.log
# Overall: 325.86k total, 97 unique, 4.34k QPS, 2.28x concurrency ________
# Time range: 2024-12-07 17:27:04 to 17:28:19
# Attribute          total     min     max     avg     95%  stddev  median
# ============     ======= ======= ======= ======= ======= ======= =======
# Exec time           171s       0   178ms   525us     3ms     2ms    31us
# Lock time             4s       0    21ms    12us    16us   183us       0
# Rows sent          3.25M       0   1.54k   10.45    0.99   86.84       0
# Rows examine       3.19M       0   1.54k   10.26       0   85.97       0
# Rows affecte      70.00k       0     618    0.22    0.99    1.12       0
# Bytes sent       778.75M       0 312.84k   2.45k  652.75  15.92k   12.54
# Query size        29.44M       6 790.36k   94.74  258.32   1.49k   31.70
# Boolean:
# QC hit         6% yes,  93% no

# Profile
# Rank Query ID                            Response time Calls  R/Call V/M
# ==== =================================== ============= ====== ====== ===
#    1 0xFFFCA4D67EA0A788813031B8BBC3B329  57.2597 33.4%   8142 0.0070  0.00 COMMIT
#    2 0x931A992E852C61FC6D46141A39DEF4FE  34.2483 20.0%   6198 0.0055  0.01 SELECT isu_condition
#    3 0xB8B32624C3268C0925657C305C0ED778  27.1495 15.9%  70890 0.0004  0.01 INSERT isu_condition
#    4 0xDA556F9115773A1A99AA0165670CE848  24.4111 14.3% 103060 0.0002  0.00 ADMIN PREPARE
#    5 0x9C6C682008AE0D08F3E2A0049B030C70  15.2177  8.9%   2048 0.0074  0.01 SELECT isu_condition
#    6 0x5F580A12ADA1633C9634298BE5BD9422   4.9612  2.9%    597 0.0083  0.01 SELECT isu_condition
# MISC 0xMISC                               8.0053  4.7% 134925 0.0001   0.0 <91 ITEMS>

# Query 1: 133.48 QPS, 0.94x concurrency, ID 0xFFFCA4D67EA0A788813031B8BBC3B329 at byte 91085897
# Scores: V/M = 0.00
# Time range: 2024-12-07 17:27:18 to 17:28:19
# Attribute    pct   total     min     max     avg     95%  stddev  median
# ============ === ======= ======= ======= ======= ======= ======= =======
# Count          2    8142
# Exec time     33     57s     3us    80ms     7ms    16ms     5ms     6ms
# Lock time      0       0       0       0       0       0       0       0
# Rows sent      0       0       0       0       0       0       0       0
# Rows examine   0       0       0       0       0       0       0       0
# Rows affecte   0       0       0       0       0       0       0       0
# Bytes sent     0  87.46k      11      11      11      11       0      11
# Query size     0  47.71k       6       6       6       6       0       6
# String:
# Databases    isucondition
# Hosts        localhost
# Users        isucon
# Query_time distribution
#   1us  ##
#  10us  ####
# 100us  #
#   1ms  ################################################################
#  10ms  ####################
# 100ms
#    1s
#  10s+
COMMIT\G

# Query 2: 103.30 QPS, 0.57x concurrency, ID 0x931A992E852C61FC6D46141A39DEF4FE at byte 83037542
# Scores: V/M = 0.01
# Time range: 2024-12-07 17:27:19 to 17:28:19
# Attribute    pct   total     min     max     avg     95%  stddev  median
# ============ === ======= ======= ======= ======= ======= ======= =======
# Count          1    6198
# Exec time     19     34s     9us    86ms     6ms    22ms     8ms     2ms
# Lock time     10   406ms       0    18ms    65us    66us   500us    11us
# Rows sent     56   1.83M       0   1.54k  310.38   1.09k  366.19  136.99
# Rows examine  56   1.79M       0   1.54k  303.66   1.09k  360.49  136.99
# Rows affecte   0       0       0       0       0       0       0       0
# Bytes sent    36 286.01M     589 250.88k  47.25k 165.97k  55.43k  20.37k
# Query size     2 696.06k     115     115     115     115       0     115
# Boolean:
# QC hit         3% yes,  96% no
# String:
# Databases    isucondition
# Hosts        localhost
# Users        isucon
# Query_time distribution
#   1us  #
#  10us  #####
# 100us  ###################################################
#   1ms  ################################################################
#  10ms  ##########################
# 100ms
#    1s
#  10s+
# Tables
#    SHOW TABLE STATUS FROM `isucondition` LIKE 'isu_condition'\G
#    SHOW CREATE TABLE `isucondition`.`isu_condition`\G
# EXPLAIN /*!50100 PARTITIONS*/
SELECT * FROM `isu_condition` WHERE `jia_isu_uuid` = '2f21e29f-1e26-485b-a1e3-50b81845c886' ORDER BY timestamp DESC\G

# Query 3: 1.18k QPS, 0.45x concurrency, ID 0xB8B32624C3268C0925657C305C0ED778 at byte 80250862
# Scores: V/M = 0.01
# Time range: 2024-12-07 17:27:19 to 17:28:19
# Attribute    pct   total     min     max     avg     95%  stddev  median
# ============ === ======= ======= ======= ======= ======= ======= =======
# Count         21   70890
# Exec time     15     27s    23us    53ms   382us     2ms     1ms    47us
# Lock time     78      3s     5us    21ms    43us    44us   323us    12us
# Rows sent      0       0       0       0       0       0       0       0
# Rows examine   0       0       0       0       0       0       0       0
# Rows affecte  98  69.23k       1       1       1       1       0       1
# Bytes sent     0 905.80k      13      14   13.08   13.83    0.36   12.54
# Query size    58  17.34M     233     302  256.44  271.23   12.70  246.02
# String:
# Databases    isucondition
# Hosts        localhost
# Users        isucon
# Query_time distribution
#   1us
#  10us  ################################################################
# 100us  ############
#   1ms  #####
#  10ms  #
# 100ms
#    1s
#  10s+
# Tables
#    SHOW TABLE STATUS FROM `isucondition` LIKE 'isu_condition'\G
#    SHOW CREATE TABLE `isucondition`.`isu_condition`\G
INSERT INTO `isu_condition`	(`jia_isu_uuid`, `timestamp`, `is_sitting`, `condition`, `message`)	VALUES ('3f716a07-dc2b-49c4-9d48-6e75140be790', '2021-08-24 15:06:27', 1, 'is_dirty=true,is_overweight=true,is_broken=true', '改善しないなら座らせない！')\G

# Query 4: 1.59k QPS, 0.38x concurrency, ID 0xDA556F9115773A1A99AA0165670CE848 at byte 102767977
# Scores: V/M = 0.00
# Time range: 2024-12-07 17:27:14 to 17:28:19
# Attribute    pct   total     min     max     avg     95%  stddev  median
# ============ === ======= ======= ======= ======= ======= ======= =======
# Count         31  103060
# Exec time     14     24s    18us    37ms   236us   972us   861us    40us
# Lock time      0       0       0       0       0       0       0       0
# Rows sent      0       0       0       0       0       0       0       0
# Rows examine   0       0       0       0       0       0       0       0
# Rows affecte   0       0       0       0       0       0       0       0
# Bytes sent     2  20.63M      52     681  209.88  621.67  158.29  158.58
# Query size    10   2.95M      30      30      30      30       0      30
# String:
# Databases    isucondition
# Hosts        localhost
# Users        isucon
# Query_time distribution
#   1us
#  10us  ################################################################
# 100us  ############
#   1ms  ####
#  10ms  #
# 100ms
#    1s
#  10s+
administrator command: Prepare\G

# Query 5: 33.57 QPS, 0.25x concurrency, ID 0x9C6C682008AE0D08F3E2A0049B030C70 at byte 81844963
# Scores: V/M = 0.01
# Time range: 2024-12-07 17:27:18 to 17:28:19
# Attribute    pct   total     min     max     avg     95%  stddev  median
# ============ === ======= ======= ======= ======= ======= ======= =======
# Count          0    2048
# Exec time      8     15s   106us   134ms     7ms    23ms     9ms     4ms
# Lock time      3   157ms     7us    14ms    76us    69us   597us    12us
# Rows sent     28 954.04k       0   1.53k  477.02   1.04k  325.11  420.77
# Rows examine  29 954.04k       0   1.53k  477.02   1.04k  325.11  420.77
# Rows affecte   0       0       0       0       0       0       0       0
# Bytes sent    18 144.23M     589 216.58k  72.12k 158.07k  48.65k  62.55k
# Query size     1 314.00k     157     157     157     157       0     157
# String:
# Databases    isucondition
# Hosts        localhost
# Users        isucon
# Query_time distribution
#   1us
#  10us
# 100us  ######################
#   1ms  ################################################################
#  10ms  ###############################
# 100ms  #
#    1s
#  10s+
# Tables
#    SHOW TABLE STATUS FROM `isucondition` LIKE 'isu_condition'\G
#    SHOW CREATE TABLE `isucondition`.`isu_condition`\G
# EXPLAIN /*!50100 PARTITIONS*/
SELECT * FROM `isu_condition` WHERE `jia_isu_uuid` = '5113b5b3-36cf-4922-a7d0-4f1fa0a06af0'	AND `timestamp` < '2021-08-24 15:28:50'	ORDER BY `timestamp` DESC\G

# Query 6: 9.79 QPS, 0.08x concurrency, ID 0x5F580A12ADA1633C9634298BE5BD9422 at byte 106447723
# Scores: V/M = 0.01
# Time range: 2024-12-07 17:27:18 to 17:28:19
# Attribute    pct   total     min     max     avg     95%  stddev  median
# ============ === ======= ======= ======= ======= ======= ======= =======
# Count          0     597
# Exec time      2      5s    13us    94ms     8ms    26ms     9ms     5ms
# Lock time      0    27ms       0     5ms    45us    63us   248us    11us
# Rows sent     13 460.54k       6   1.37k  789.93   1.26k  354.93  793.42
# Rows examine  14 460.18k       0   1.37k  789.32   1.26k  356.15  793.42
# Rows affecte   0       0       0       0       0       0       0       0
# Bytes sent     8  69.85M   1.50k 214.84k 119.81k 201.74k  54.20k 117.95k
# Query size     0  67.63k     116     116     116     116       0     116
# Boolean:
# QC hit         1% yes,  98% no
# String:
# Databases    isucondition
# Hosts        localhost
# Users        isucon
# Query_time distribution
#   1us
#  10us  #
# 100us  #######
#   1ms  ################################################################
#  10ms  ##############################
# 100ms
#    1s
#  10s+
# Tables
#    SHOW TABLE STATUS FROM `isucondition` LIKE 'isu_condition'\G
#    SHOW CREATE TABLE `isucondition`.`isu_condition`\G
# EXPLAIN /*!50100 PARTITIONS*/
SELECT * FROM `isu_condition` WHERE `jia_isu_uuid` = 'abeffcd7-84be-4d06-81ee-b7ef97da2efe' ORDER BY `timestamp` ASC\G
